// Jest Snapshot v1, https://goo.gl/fbAQLP

exports[`CandyShop shows a candyshop 1`] = `
<section
  className="challenge"
>
  <p
    className="picture"
  >
    <img
      alt="Candy shop"
      src="wonkaStore.jpg"
      useMap="#shopMap"
    />
    <map
      id="shopMap"
      name="shopMap"
    >
      <area
        alt="grid"
        coords="53,194,52,320,220,324,220,208"
        data-value="wrong"
        onClick={[Function]}
        shape="poly"
      />
      <area
        alt="grid"
        coords="61,342,57,415,216,416,221,345"
        data-value="wrong"
        onClick={[Function]}
        shape="poly"
      />
      <area
        alt="grid"
        coords="56,444,52,518,205,516,220,443"
        data-value="wrong"
        onClick={[Function]}
        shape="poly"
      />
      <area
        alt="grid"
        coords="262,208,261,326,531,327,524,208"
        data-value="wrong"
        onClick={[Function]}
        shape="poly"
      />
      <area
        alt="grid"
        coords="262,353,261,417,530,422,528,346"
        data-value="wrong"
        onClick={[Function]}
        shape="poly"
      />
      <area
        alt="grid"
        coords="265,440,261,507,523,511,536,438"
        data-value="wrong"
        onClick={[Function]}
        shape="poly"
      />
      <area
        alt="grid"
        coords="881,202,881,312,1016,305,1008,201"
        data-value="wrong"
        onClick={[Function]}
        shape="poly"
      />
      <area
        alt="grid"
        coords="880,337,881,434,1014,444,1016,332"
        data-value="wrong"
        onClick={[Function]}
        shape="poly"
      />
      <area
        alt="grid"
        coords="1055,198,1047,306,1144,305,1144,200"
        data-value="wrong"
        onClick={[Function]}
        shape="poly"
      />
      <area
        alt="grid"
        coords="884,461,883,558,1013,581,1012,468"
        data-value="wrong"
        onClick={[Function]}
        shape="poly"
      />
      <area
        alt="grid"
        coords="1045,467,1045,583,1148,603,1145,474"
        data-value="wrong"
        onClick={[Function]}
        shape="poly"
      />
      <area
        alt="grid"
        coords="872,591,871,643,988,641,985,590"
        data-value="wrong"
        onClick={[Function]}
        shape="poly"
      />
      <area
        alt="grid"
        coords="1049,337,1049,447,1150,452,1146,335"
        data-inv="golden-ticket"
        data-value="correct"
        onClick={[Function]}
        shape="poly"
      />
    </map>
  </p>
  <p
    className="mission"
  >
    Pick what candy to buy! Try to get the 'Golden Ticket'.
  </p>
  <p
    className="message"
  >
    Message: 
  </p>
</section>
`;
